2025-04-04 04:22:32.765858 - Received CBT.V508.FILE1058.PDS from FILE1058.XMI 
2025-04-04 04:22:32.773099 - Found IHEABND.bin (application/octet-stream) in CBT.V508.FILE1058.PDS, moved to PDS/IHEABND
2025-04-04 04:22:32.773238 - Found IHEABU0.bin (application/octet-stream) in CBT.V508.FILE1058.PDS, moved to PDS/IHEABU0
2025-04-04 04:22:32.773364 - Found IHEABV0.bin (application/octet-stream) in CBT.V508.FILE1058.PDS, moved to PDS/IHEABV0
2025-04-04 04:22:32.773526 - Found IHEABW0.bin (application/octet-stream) in CBT.V508.FILE1058.PDS, moved to PDS/IHEABW0
2025-04-04 04:22:32.773642 - Found IHEABZ0.bin (application/octet-stream) in CBT.V508.FILE1058.PDS, moved to PDS/IHEABZ0
2025-04-04 04:22:32.773753 - Found IHEADD0.bin (application/octet-stream) in CBT.V508.FILE1058.PDS, moved to PDS/IHEADD0
2025-04-04 04:22:32.773868 - Found IHEADV0.bin (application/octet-stream) in CBT.V508.FILE1058.PDS, moved to PDS/IHEADV0
2025-04-04 04:22:32.773982 - Found IHEAPDA.bin (application/octet-stream) in CBT.V508.FILE1058.PDS, moved to PDS/IHEAPDA
2025-04-04 04:22:32.774040 - Found alias IHEAPDB to IHEAPDA in CBT.V508.FILE1058.PDS, moved to PDS/IHEAPDB
2025-04-04 04:22:32.774081 - Found alias IHEATL1 to IHEATL4 in CBT.V508.FILE1058.PDS, moved to PDS/IHEATL1
2025-04-04 04:22:32.774120 - Found alias IHEATL2 to IHEATL4 in CBT.V508.FILE1058.PDS, moved to PDS/IHEATL2
2025-04-04 04:22:32.774157 - Found alias IHEATL3 to IHEATL4 in CBT.V508.FILE1058.PDS, moved to PDS/IHEATL3
2025-04-04 04:22:32.774279 - Found IHEATL4.bin (application/octet-stream) in CBT.V508.FILE1058.PDS, moved to PDS/IHEATL4
2025-04-04 04:22:32.774406 - Found IHEATS1.bin (application/octet-stream) in CBT.V508.FILE1058.PDS, moved to PDS/IHEATS1
2025-04-04 04:22:32.774454 - Found alias IHEATS2 to IHEATS1 in CBT.V508.FILE1058.PDS, moved to PDS/IHEATS2
2025-04-04 04:22:32.774492 - Found alias IHEATS3 to IHEATS1 in CBT.V508.FILE1058.PDS, moved to PDS/IHEATS3
2025-04-04 04:22:32.774529 - Found alias IHEATS4 to IHEATS1 in CBT.V508.FILE1058.PDS, moved to PDS/IHEATS4
2025-04-04 04:22:32.774567 - Found alias IHEATWH to IHEATWN in CBT.V508.FILE1058.PDS, moved to PDS/IHEATWH
2025-04-04 04:22:32.774683 - Found IHEATWN.bin (application/octet-stream) in CBT.V508.FILE1058.PDS, moved to PDS/IHEATWN
2025-04-04 04:22:32.774729 - Found alias IHEATZH to IHEATZN in CBT.V508.FILE1058.PDS, moved to PDS/IHEATZH
2025-04-04 04:22:32.774843 - Found IHEATZN.bin (application/octet-stream) in CBT.V508.FILE1058.PDS, moved to PDS/IHEATZN
2025-04-04 04:22:32.774886 - Found alias IHEBEGA to IHEBEGN in CBT.V508.FILE1058.PDS, moved to PDS/IHEBEGA
2025-04-04 04:22:32.775004 - Found IHEBEGN.bin (application/octet-stream) in CBT.V508.FILE1058.PDS, moved to PDS/IHEBEGN
2025-04-04 04:22:32.775145 - Found IHEBSA0.bin (application/octet-stream) in CBT.V508.FILE1058.PDS, moved to PDS/IHEBSA0
2025-04-04 04:22:32.775254 - Found IHEBSC0.bin (application/octet-stream) in CBT.V508.FILE1058.PDS, moved to PDS/IHEBSC0
2025-04-04 04:22:32.775364 - Found IHEBSD0.bin (application/octet-stream) in CBT.V508.FILE1058.PDS, moved to PDS/IHEBSD0
2025-04-04 04:22:32.775481 - Found IHEBSF0.bin (application/octet-stream) in CBT.V508.FILE1058.PDS, moved to PDS/IHEBSF0
2025-04-04 04:22:32.775591 - Found IHEBSI0.bin (application/octet-stream) in CBT.V508.FILE1058.PDS, moved to PDS/IHEBSI0
2025-04-04 04:22:32.775647 - Found alias IHEBSKA to IHEBSKK in CBT.V508.FILE1058.PDS, moved to PDS/IHEBSKA
2025-04-04 04:22:32.775753 - Found IHEBSKK.bin (application/octet-stream) in CBT.V508.FILE1058.PDS, moved to PDS/IHEBSKK
2025-04-04 04:22:32.775799 - Found alias IHEBSKR to IHEBSKK in CBT.V508.FILE1058.PDS, moved to PDS/IHEBSKR
2025-04-04 04:22:32.775909 - Found IHEBSMF.bin (application/octet-stream) in CBT.V508.FILE1058.PDS, moved to PDS/IHEBSMF
2025-04-04 04:22:32.775953 - Found alias IHEBSMV to IHEBSMF in CBT.V508.FILE1058.PDS, moved to PDS/IHEBSMV
2025-04-04 04:22:32.775993 - Found alias IHEBSMZ to IHEBSMF in CBT.V508.FILE1058.PDS, moved to PDS/IHEBSMZ
2025-04-04 04:22:32.776103 - Found IHEBSN0.bin (application/octet-stream) in CBT.V508.FILE1058.PDS, moved to PDS/IHEBSN0
2025-04-04 04:22:32.776232 - Found IHEBSO0.bin (application/octet-stream) in CBT.V508.FILE1058.PDS, moved to PDS/IHEBSO0
2025-04-04 04:22:32.776362 - Found IHEBSS2.bin (application/octet-stream) in CBT.V508.FILE1058.PDS, moved to PDS/IHEBSS2
2025-04-04 04:22:32.776409 - Found alias IHEBSS3 to IHEBSS2 in CBT.V508.FILE1058.PDS, moved to PDS/IHEBSS3
2025-04-04 04:22:32.776515 - Found IHEBSTA.bin (application/octet-stream) in CBT.V508.FILE1058.PDS, moved to PDS/IHEBSTA
2025-04-04 04:22:32.776623 - Found IHEBSVA.bin (application/octet-stream) in CBT.V508.FILE1058.PDS, moved to PDS/IHEBSVA
2025-04-04 04:22:32.776744 - Found IHECFAA.bin (application/octet-stream) in CBT.V508.FILE1058.PDS, moved to PDS/IHECFAA
2025-04-04 04:22:32.776851 - Found IHECFBA.bin (application/octet-stream) in CBT.V508.FILE1058.PDS, moved to PDS/IHECFBA
2025-04-04 04:22:32.776960 - Found IHECFCA.bin (application/octet-stream) in CBT.V508.FILE1058.PDS, moved to PDS/IHECFCA
2025-04-04 04:22:32.777006 - Found alias IHECKPS to IHECKPT in CBT.V508.FILE1058.PDS, moved to PDS/IHECKPS
2025-04-04 04:22:32.777109 - Found IHECKPT.bin (application/octet-stream) in CBT.V508.FILE1058.PDS, moved to PDS/IHECKPT
2025-04-04 04:22:32.777236 - Found IHECLSA.bin (application/octet-stream) in CBT.V508.FILE1058.PDS, moved to PDS/IHECLSA
2025-04-04 04:22:32.777363 - Found IHECLTA.bin (application/octet-stream) in CBT.V508.FILE1058.PDS, moved to PDS/IHECLTA
2025-04-04 04:22:32.777410 - Found alias IHECLTB to IHECLTA in CBT.V508.FILE1058.PDS, moved to PDS/IHECLTB
2025-04-04 04:22:32.777515 - Found IHECNTA.bin (application/octet-stream) in CBT.V508.FILE1058.PDS, moved to PDS/IHECNTA
2025-04-04 04:22:32.777561 - Found alias IHECNTB to IHECNTA in CBT.V508.FILE1058.PDS, moved to PDS/IHECNTB
2025-04-04 04:22:32.777667 - Found IHECSC0.bin (application/octet-stream) in CBT.V508.FILE1058.PDS, moved to PDS/IHECSC0
2025-04-04 04:22:32.777777 - Found IHECSI0.bin (application/octet-stream) in CBT.V508.FILE1058.PDS, moved to PDS/IHECSI0
2025-04-04 04:22:32.777898 - Found IHECSKK.bin (application/octet-stream) in CBT.V508.FILE1058.PDS, moved to PDS/IHECSKK
2025-04-04 04:22:32.777943 - Found alias IHECSKR to IHECSKK in CBT.V508.FILE1058.PDS, moved to PDS/IHECSKR
2025-04-04 04:22:32.777984 - Found alias IHECSMB to IHECSMF in CBT.V508.FILE1058.PDS, moved to PDS/IHECSMB
2025-04-04 04:22:32.778094 - Found IHECSMF.bin (application/octet-stream) in CBT.V508.FILE1058.PDS, moved to PDS/IHECSMF
2025-04-04 04:22:32.778141 - Found alias IHECSMH to IHECSMF in CBT.V508.FILE1058.PDS, moved to PDS/IHECSMH
2025-04-04 04:22:32.778182 - Found alias IHECSML to IHECSMF in CBT.V508.FILE1058.PDS, moved to PDS/IHECSML
2025-04-04 04:22:32.778222 - Found alias IHECSMV to IHECSMF in CBT.V508.FILE1058.PDS, moved to PDS/IHECSMV
2025-04-04 04:22:32.778339 - Found IHECSS2.bin (application/octet-stream) in CBT.V508.FILE1058.PDS, moved to PDS/IHECSS2
2025-04-04 04:22:32.778389 - Found alias IHECSS3 to IHECSS2 in CBT.V508.FILE1058.PDS, moved to PDS/IHECSS3
2025-04-04 04:22:32.778500 - Found IHECSTA.bin (application/octet-stream) in CBT.V508.FILE1058.PDS, moved to PDS/IHECSTA
2025-04-04 04:22:32.778610 - Found IHECSVA.bin (application/octet-stream) in CBT.V508.FILE1058.PDS, moved to PDS/IHECSVA
2025-04-04 04:22:32.778720 - Found IHECTTA.bin (application/octet-stream) in CBT.V508.FILE1058.PDS, moved to PDS/IHECTTA
2025-04-04 04:22:32.778767 - Found alias IHECTTB to IHECTTA in CBT.V508.FILE1058.PDS, moved to PDS/IHECTTB
2025-04-04 04:22:32.778809 - Found alias IHECTTC to IHECTTA in CBT.V508.FILE1058.PDS, moved to PDS/IHECTTC
2025-04-04 04:22:32.778853 - Found alias IHEDBN to IHEDBNA in CBT.V508.FILE1058.PDS, moved to PDS/IHEDBN
2025-04-04 04:22:32.779013 - Found IHEDBNA.bin (application/octet-stream) in CBT.V508.FILE1058.PDS, moved to PDS/IHEDBNA
2025-04-04 04:22:32.779076 - Found alias IHEDCN to IHEDCNA in CBT.V508.FILE1058.PDS, moved to PDS/IHEDCN
2025-04-04 04:22:32.779187 - Found IHEDCNA.bin (application/octet-stream) in CBT.V508.FILE1058.PDS, moved to PDS/IHEDCNA
2025-04-04 04:22:32.779235 - Found alias IHEDCNB to IHEDCNA in CBT.V508.FILE1058.PDS, moved to PDS/IHEDCNB
2025-04-04 04:22:32.779342 - Found IHEDDIA.bin (application/octet-stream) in CBT.V508.FILE1058.PDS, moved to PDS/IHEDDIA
2025-04-04 04:22:32.779389 - Found alias IHEDDIB to IHEDDIA in CBT.V508.FILE1058.PDS, moved to PDS/IHEDDIB
2025-04-04 04:22:32.779441 - Found alias IHEDDJ to IHEDDJA in CBT.V508.FILE1058.PDS, moved to PDS/IHEDDJ
2025-04-04 04:22:32.779571 - Found IHEDDJA.bin (application/octet-stream) in CBT.V508.FILE1058.PDS, moved to PDS/IHEDDJA
2025-04-04 04:22:32.779620 - Found alias IHEDDO to IHEDDOA in CBT.V508.FILE1058.PDS, moved to PDS/IHEDDO
2025-04-04 04:22:32.779728 - Found IHEDDOA.bin (application/octet-stream) in CBT.V508.FILE1058.PDS, moved to PDS/IHEDDOA
2025-04-04 04:22:32.779779 - Found alias IHEDDOB to IHEDDOA in CBT.V508.FILE1058.PDS, moved to PDS/IHEDDOB
2025-04-04 04:22:32.779821 - Found alias IHEDDOC to IHEDDOA in CBT.V508.FILE1058.PDS, moved to PDS/IHEDDOC
2025-04-04 04:22:32.779865 - Found alias IHEDDOD to IHEDDOA in CBT.V508.FILE1058.PDS, moved to PDS/IHEDDOD
2025-04-04 04:22:32.779910 - Found alias IHEDDOE to IHEDDOA in CBT.V508.FILE1058.PDS, moved to PDS/IHEDDOE
2025-04-04 04:22:32.779954 - Found alias IHEDDP to IHEDDPA in CBT.V508.FILE1058.PDS, moved to PDS/IHEDDP
2025-04-04 04:22:32.780057 - Found IHEDDPA.bin (application/octet-stream) in CBT.V508.FILE1058.PDS, moved to PDS/IHEDDPA
2025-04-04 04:22:32.780105 - Found alias IHEDDPB to IHEDDPA in CBT.V508.FILE1058.PDS, moved to PDS/IHEDDPB
2025-04-04 04:22:32.780147 - Found alias IHEDDPC to IHEDDPA in CBT.V508.FILE1058.PDS, moved to PDS/IHEDDPC
2025-04-04 04:22:32.780190 - Found alias IHEDDPD to IHEDDPA in CBT.V508.FILE1058.PDS, moved to PDS/IHEDDPD
2025-04-04 04:22:32.780233 - Found alias IHEDDT to IHEDDTA in CBT.V508.FILE1058.PDS, moved to PDS/IHEDDT
2025-04-04 04:22:32.780341 - Found IHEDDTA.bin (application/octet-stream) in CBT.V508.FILE1058.PDS, moved to PDS/IHEDDTA
2025-04-04 04:22:32.780390 - Found alias IHEDDTB to IHEDDTA in CBT.V508.FILE1058.PDS, moved to PDS/IHEDDTB
2025-04-04 04:22:32.780434 - Found alias IHEDDTC to IHEDDTA in CBT.V508.FILE1058.PDS, moved to PDS/IHEDDTC
2025-04-04 04:22:32.780477 - Found alias IHEDDTD to IHEDDTA in CBT.V508.FILE1058.PDS, moved to PDS/IHEDDTD
2025-04-04 04:22:32.780520 - Found alias IHEDDTE to IHEDDTA in CBT.V508.FILE1058.PDS, moved to PDS/IHEDDTE
2025-04-04 04:22:32.780564 - Found alias IHEDIA to IHEDIAA in CBT.V508.FILE1058.PDS, moved to PDS/IHEDIA
2025-04-04 04:22:32.780687 - Found IHEDIAA.bin (application/octet-stream) in CBT.V508.FILE1058.PDS, moved to PDS/IHEDIAA
2025-04-04 04:22:32.780747 - Found alias IHEDIAB to IHEDIAA in CBT.V508.FILE1058.PDS, moved to PDS/IHEDIAB
2025-04-04 04:22:32.780876 - Found IHEDIBA.bin (application/octet-stream) in CBT.V508.FILE1058.PDS, moved to PDS/IHEDIBA
2025-04-04 04:22:32.780927 - Found alias IHEDIBB to IHEDIBA in CBT.V508.FILE1058.PDS, moved to PDS/IHEDIBB
2025-04-04 04:22:32.781035 - Found IHEDIDA.bin (application/octet-stream) in CBT.V508.FILE1058.PDS, moved to PDS/IHEDIDA
2025-04-04 04:22:32.781100 - Found alias IHEDIE to IHEDIEA in CBT.V508.FILE1058.PDS, moved to PDS/IHEDIE
2025-04-04 04:22:32.781204 - Found IHEDIEA.bin (application/octet-stream) in CBT.V508.FILE1058.PDS, moved to PDS/IHEDIEA
2025-04-04 04:22:32.781311 - Found IHEDILA.bin (application/octet-stream) in CBT.V508.FILE1058.PDS, moved to PDS/IHEDILA
2025-04-04 04:22:32.781360 - Found alias IHEDILB to IHEDILA in CBT.V508.FILE1058.PDS, moved to PDS/IHEDILB
2025-04-04 04:22:32.781468 - Found IHEDIMA.bin (application/octet-stream) in CBT.V508.FILE1058.PDS, moved to PDS/IHEDIMA
2025-04-04 04:22:32.781518 - Found alias IHEDMA to IHEDMAA in CBT.V508.FILE1058.PDS, moved to PDS/IHEDMA
2025-04-04 04:22:32.781633 - Found IHEDMAA.bin (application/octet-stream) in CBT.V508.FILE1058.PDS, moved to PDS/IHEDMAA
2025-04-04 04:22:32.781683 - Found alias IHEDNB to IHEDNBA in CBT.V508.FILE1058.PDS, moved to PDS/IHEDNB
2025-04-04 04:22:32.781826 - Found IHEDNBA.bin (application/octet-stream) in CBT.V508.FILE1058.PDS, moved to PDS/IHEDNBA
2025-04-04 04:22:32.781882 - Found alias IHEDNC to IHEDNCA in CBT.V508.FILE1058.PDS, moved to PDS/IHEDNC
2025-04-04 04:22:32.781992 - Found IHEDNCA.bin (application/octet-stream) in CBT.V508.FILE1058.PDS, moved to PDS/IHEDNCA
2025-04-04 04:22:32.782051 - Found alias IHEDOA to IHEDOAA in CBT.V508.FILE1058.PDS, moved to PDS/IHEDOA
2025-04-04 04:22:32.782156 - Found IHEDOAA.bin (application/octet-stream) in CBT.V508.FILE1058.PDS, moved to PDS/IHEDOAA
2025-04-04 04:22:32.782206 - Found alias IHEDOAB to IHEDOAA in CBT.V508.FILE1058.PDS, moved to PDS/IHEDOAB
2025-04-04 04:22:32.782310 - Found IHEDOBA.bin (application/octet-stream) in CBT.V508.FILE1058.PDS, moved to PDS/IHEDOBA
2025-04-04 04:22:32.782360 - Found alias IHEDOBB to IHEDOBA in CBT.V508.FILE1058.PDS, moved to PDS/IHEDOBB
2025-04-04 04:22:32.782406 - Found alias IHEDOBC to IHEDOBA in CBT.V508.FILE1058.PDS, moved to PDS/IHEDOBC
2025-04-04 04:22:32.782518 - Found IHEDODA.bin (application/octet-stream) in CBT.V508.FILE1058.PDS, moved to PDS/IHEDODA
2025-04-04 04:22:32.782572 - Found alias IHEDODB to IHEDODA in CBT.V508.FILE1058.PDS, moved to PDS/IHEDODB
2025-04-04 04:22:32.782618 - Found alias IHEDOE to IHEDOEA in CBT.V508.FILE1058.PDS, moved to PDS/IHEDOE
2025-04-04 04:22:32.782720 - Found IHEDOEA.bin (application/octet-stream) in CBT.V508.FILE1058.PDS, moved to PDS/IHEDOEA
2025-04-04 04:22:32.782845 - Found IHEDOMA.bin (application/octet-stream) in CBT.V508.FILE1058.PDS, moved to PDS/IHEDOMA
2025-04-04 04:22:32.782971 - Found IHEDSPA.bin (application/octet-stream) in CBT.V508.FILE1058.PDS, moved to PDS/IHEDSPA
2025-04-04 04:22:32.783031 - Found alias IHEDUMC to IHEDUMP in CBT.V508.FILE1058.PDS, moved to PDS/IHEDUMC
2025-04-04 04:22:32.783079 - Found alias IHEDUMJ to IHEDUMP in CBT.V508.FILE1058.PDS, moved to PDS/IHEDUMJ
2025-04-04 04:22:32.783191 - Found IHEDUMP.bin (application/octet-stream) in CBT.V508.FILE1058.PDS, moved to PDS/IHEDUMP
2025-04-04 04:22:32.783242 - Found alias IHEDUMT to IHEDUMP in CBT.V508.FILE1058.PDS, moved to PDS/IHEDUMT
2025-04-04 04:22:32.783345 - Found IHEDVU0.bin (application/octet-stream) in CBT.V508.FILE1058.PDS, moved to PDS/IHEDVU0
2025-04-04 04:22:32.783454 - Found IHEDVV0.bin (application/octet-stream) in CBT.V508.FILE1058.PDS, moved to PDS/IHEDVV0
2025-04-04 04:22:32.783561 - Found IHEDZW0.bin (application/octet-stream) in CBT.V508.FILE1058.PDS, moved to PDS/IHEDZW0
2025-04-04 04:22:32.783667 - Found IHEDZZ0.bin (application/octet-stream) in CBT.V508.FILE1058.PDS, moved to PDS/IHEDZZ0
2025-04-04 04:22:32.783775 - Found IHEEFLC.bin (application/octet-stream) in CBT.V508.FILE1058.PDS, moved to PDS/IHEEFLC
2025-04-04 04:22:32.783839 - Found alias IHEEFLF to IHEEFLC in CBT.V508.FILE1058.PDS, moved to PDS/IHEEFLF
2025-04-04 04:22:32.783899 - Found alias IHEEFSC to IHEEFSF in CBT.V508.FILE1058.PDS, moved to PDS/IHEEFSC
2025-04-04 04:22:32.784023 - Found IHEEFSF.bin (application/octet-stream) in CBT.V508.FILE1058.PDS, moved to PDS/IHEEFSF
2025-04-04 04:22:32.784150 - Found IHEERDA.bin (application/octet-stream) in CBT.V508.FILE1058.PDS, moved to PDS/IHEERDA
2025-04-04 04:22:32.784278 - Found IHEEREA.bin (application/octet-stream) in CBT.V508.FILE1058.PDS, moved to PDS/IHEEREA
2025-04-04 04:22:32.784390 - Found IHEERIA.bin (application/octet-stream) in CBT.V508.FILE1058.PDS, moved to PDS/IHEERIA
2025-04-04 04:22:32.784496 - Found IHEERNA.bin (application/octet-stream) in CBT.V508.FILE1058.PDS, moved to PDS/IHEERNA
2025-04-04 04:22:32.784605 - Found IHEEROA.bin (application/octet-stream) in CBT.V508.FILE1058.PDS, moved to PDS/IHEEROA
2025-04-04 04:22:32.784733 - Found IHEERPA.bin (application/octet-stream) in CBT.V508.FILE1058.PDS, moved to PDS/IHEERPA
2025-04-04 04:22:32.784841 - Found IHEERRA.bin (application/octet-stream) in CBT.V508.FILE1058.PDS, moved to PDS/IHEERRA
2025-04-04 04:22:32.784896 - Found alias IHEERRB to IHEERRA in CBT.V508.FILE1058.PDS, moved to PDS/IHEERRB
2025-04-04 04:22:32.784944 - Found alias IHEERRC to IHEERRA in CBT.V508.FILE1058.PDS, moved to PDS/IHEERRC
2025-04-04 04:22:32.784992 - Found alias IHEERRD to IHEERRA in CBT.V508.FILE1058.PDS, moved to PDS/IHEERRD
2025-04-04 04:22:32.785104 - Found IHEERSA.bin (application/octet-stream) in CBT.V508.FILE1058.PDS, moved to PDS/IHEERSA
2025-04-04 04:22:32.785160 - Found alias IHEERSB to IHEERSA in CBT.V508.FILE1058.PDS, moved to PDS/IHEERSB
2025-04-04 04:22:32.785269 - Found IHEERTA.bin (application/octet-stream) in CBT.V508.FILE1058.PDS, moved to PDS/IHEERTA
2025-04-04 04:22:32.785394 - Found IHEESMA.bin (application/octet-stream) in CBT.V508.FILE1058.PDS, moved to PDS/IHEESMA
2025-04-04 04:22:32.785448 - Found alias IHEESMB to IHEESMA in CBT.V508.FILE1058.PDS, moved to PDS/IHEESMB
2025-04-04 04:22:32.785552 - Found IHEESSA.bin (application/octet-stream) in CBT.V508.FILE1058.PDS, moved to PDS/IHEESSA
2025-04-04 04:22:32.785606 - Found alias IHEESSB to IHEESSA in CBT.V508.FILE1058.PDS, moved to PDS/IHEESSB
2025-04-04 04:22:32.785712 - Found IHEEXL0.bin (application/octet-stream) in CBT.V508.FILE1058.PDS, moved to PDS/IHEEXL0
2025-04-04 04:22:32.785821 - Found IHEEXS0.bin (application/octet-stream) in CBT.V508.FILE1058.PDS, moved to PDS/IHEEXS0
2025-04-04 04:22:32.785934 - Found IHEEXW0.bin (application/octet-stream) in CBT.V508.FILE1058.PDS, moved to PDS/IHEEXW0
2025-04-04 04:22:32.786039 - Found IHEEXZ0.bin (application/octet-stream) in CBT.V508.FILE1058.PDS, moved to PDS/IHEEXZ0
2025-04-04 04:22:32.786164 - Found IHEGSP01.bin (application/octet-stream) in CBT.V508.FILE1058.PDS, moved to PDS/IHEGSP01
2025-04-04 04:22:32.786291 - Found IHEGSP02.bin (application/octet-stream) in CBT.V508.FILE1058.PDS, moved to PDS/IHEGSP02
2025-04-04 04:22:32.786404 - Found IHEGSP03.bin (application/octet-stream) in CBT.V508.FILE1058.PDS, moved to PDS/IHEGSP03
2025-04-04 04:22:32.786510 - Found IHEHTL0.bin (application/octet-stream) in CBT.V508.FILE1058.PDS, moved to PDS/IHEHTL0
2025-04-04 04:22:32.786615 - Found IHEHTS0.bin (application/octet-stream) in CBT.V508.FILE1058.PDS, moved to PDS/IHEHTS0
2025-04-04 04:22:32.786807 - Found IHEIBTA.bin (application/octet-stream) in CBT.V508.FILE1058.PDS, moved to PDS/IHEIBTA
2025-04-04 04:22:32.786862 - Found alias IHEIBTB to IHEIBTA in CBT.V508.FILE1058.PDS, moved to PDS/IHEIBTB
2025-04-04 04:22:32.786913 - Found alias IHEIBTC to IHEIBTA in CBT.V508.FILE1058.PDS, moved to PDS/IHEIBTC
2025-04-04 04:22:32.786964 - Found alias IHEIBTD to IHEIBTA in CBT.V508.FILE1058.PDS, moved to PDS/IHEIBTD
2025-04-04 04:22:32.787014 - Found alias IHEIBTE to IHEIBTA in CBT.V508.FILE1058.PDS, moved to PDS/IHEIBTE
2025-04-04 04:22:32.787169 - Found IHEIGTA.bin (application/octet-stream) in CBT.V508.FILE1058.PDS, moved to PDS/IHEIGTA
2025-04-04 04:22:32.787279 - Found IHEINTA.bin (application/octet-stream) in CBT.V508.FILE1058.PDS, moved to PDS/IHEINTA
2025-04-04 04:22:32.787401 - Found IHEIOAA.bin (application/octet-stream) in CBT.V508.FILE1058.PDS, moved to PDS/IHEIOAA
2025-04-04 04:22:32.787458 - Found alias IHEIOAB to IHEIOAA in CBT.V508.FILE1058.PDS, moved to PDS/IHEIOAB
2025-04-04 04:22:32.787509 - Found alias IHEIOAC to IHEIOAA in CBT.V508.FILE1058.PDS, moved to PDS/IHEIOAC
2025-04-04 04:22:32.787559 - Found alias IHEIOAD to IHEIOAA in CBT.V508.FILE1058.PDS, moved to PDS/IHEIOAD
2025-04-04 04:22:32.787666 - Found IHEIOBA.bin (application/octet-stream) in CBT.V508.FILE1058.PDS, moved to PDS/IHEIOBA
2025-04-04 04:22:32.787722 - Found alias IHEIOBB to IHEIOBA in CBT.V508.FILE1058.PDS, moved to PDS/IHEIOBB
2025-04-04 04:22:32.787773 - Found alias IHEIOBC to IHEIOBA in CBT.V508.FILE1058.PDS, moved to PDS/IHEIOBC
2025-04-04 04:22:32.787823 - Found alias IHEIOBD to IHEIOBA in CBT.V508.FILE1058.PDS, moved to PDS/IHEIOBD
2025-04-04 04:22:32.787875 - Found alias IHEIOBE to IHEIOBA in CBT.V508.FILE1058.PDS, moved to PDS/IHEIOBE
2025-04-04 04:22:32.787985 - Found IHEIOCA.bin (application/octet-stream) in CBT.V508.FILE1058.PDS, moved to PDS/IHEIOCA
2025-04-04 04:22:32.788040 - Found alias IHEIOCB to IHEIOCA in CBT.V508.FILE1058.PDS, moved to PDS/IHEIOCB
2025-04-04 04:22:32.788091 - Found alias IHEIOCC to IHEIOCA in CBT.V508.FILE1058.PDS, moved to PDS/IHEIOCC
2025-04-04 04:22:32.788193 - Found IHEIODG.bin (application/octet-stream) in CBT.V508.FILE1058.PDS, moved to PDS/IHEIODG
2025-04-04 04:22:32.788257 - Found alias IHEIODP to IHEIODG in CBT.V508.FILE1058.PDS, moved to PDS/IHEIODP
2025-04-04 04:22:32.788381 - Found IHEIOFA.bin (application/octet-stream) in CBT.V508.FILE1058.PDS, moved to PDS/IHEIOFA
2025-04-04 04:22:32.788501 - Found IHEIOGA.bin (application/octet-stream) in CBT.V508.FILE1058.PDS, moved to PDS/IHEIOGA
2025-04-04 04:22:32.788608 - Found IHEIONA.bin (application/octet-stream) in CBT.V508.FILE1058.PDS, moved to PDS/IHEIONA
2025-04-04 04:22:32.788714 - Found IHEIOPA.bin (application/octet-stream) in CBT.V508.FILE1058.PDS, moved to PDS/IHEIOPA
2025-04-04 04:22:32.788784 - Found alias IHEIOPB to IHEIOPA in CBT.V508.FILE1058.PDS, moved to PDS/IHEIOPB
2025-04-04 04:22:32.788838 - Found alias IHEIOPC to IHEIOPA in CBT.V508.FILE1058.PDS, moved to PDS/IHEIOPC
2025-04-04 04:22:32.788942 - Found IHEIOXA.bin (application/octet-stream) in CBT.V508.FILE1058.PDS, moved to PDS/IHEIOXA
2025-04-04 04:22:32.788999 - Found alias IHEIOXB to IHEIOXA in CBT.V508.FILE1058.PDS, moved to PDS/IHEIOXB
2025-04-04 04:22:32.789050 - Found alias IHEIOXC to IHEIOXA in CBT.V508.FILE1058.PDS, moved to PDS/IHEIOXC
2025-04-04 04:22:32.789157 - Found IHEITBA.bin (application/octet-stream) in CBT.V508.FILE1058.PDS, moved to PDS/IHEITBA
2025-04-04 04:22:32.789275 - Found IHEITCA.bin (application/octet-stream) in CBT.V508.FILE1058.PDS, moved to PDS/IHEITCA
2025-04-04 04:22:32.789405 - Found IHEITDA.bin (application/octet-stream) in CBT.V508.FILE1058.PDS, moved to PDS/IHEITDA
2025-04-04 04:22:32.789512 - Found IHEITEA.bin (application/octet-stream) in CBT.V508.FILE1058.PDS, moved to PDS/IHEITEA
2025-04-04 04:22:32.789630 - Found IHEITFA.bin (application/octet-stream) in CBT.V508.FILE1058.PDS, moved to PDS/IHEITFA
2025-04-04 04:22:32.789766 - Found IHEITGA.bin (application/octet-stream) in CBT.V508.FILE1058.PDS, moved to PDS/IHEITGA
2025-04-04 04:22:32.789906 - Found IHEITHA.bin (application/octet-stream) in CBT.V508.FILE1058.PDS, moved to PDS/IHEITHA
2025-04-04 04:22:32.790045 - Found IHEITJA.bin (application/octet-stream) in CBT.V508.FILE1058.PDS, moved to PDS/IHEITJA
2025-04-04 04:22:32.790195 - Found IHEITKA.bin (application/octet-stream) in CBT.V508.FILE1058.PDS, moved to PDS/IHEITKA
2025-04-04 04:22:32.790335 - Found IHEITLA.bin (application/octet-stream) in CBT.V508.FILE1058.PDS, moved to PDS/IHEITLA
2025-04-04 04:22:32.790478 - Found IHEITMA.bin (application/octet-stream) in CBT.V508.FILE1058.PDS, moved to PDS/IHEITMA
2025-04-04 04:22:32.790620 - Found IHEITNA.bin (application/octet-stream) in CBT.V508.FILE1058.PDS, moved to PDS/IHEITNA
2025-04-04 04:22:32.790775 - Found IHEITOA.bin (application/octet-stream) in CBT.V508.FILE1058.PDS, moved to PDS/IHEITOA
2025-04-04 04:22:32.790922 - Found IHEITPA.bin (application/octet-stream) in CBT.V508.FILE1058.PDS, moved to PDS/IHEITPA
2025-04-04 04:22:32.791068 - Found IHEJXII.bin (application/octet-stream) in CBT.V508.FILE1058.PDS, moved to PDS/IHEJXII
2025-04-04 04:22:32.791134 - Found alias IHEJXIY to IHEJXII in CBT.V508.FILE1058.PDS, moved to PDS/IHEJXIY
2025-04-04 04:22:32.791282 - Found IHEJXSI.bin (application/octet-stream) in CBT.V508.FILE1058.PDS, moved to PDS/IHEJXSI
2025-04-04 04:22:32.791347 - Found alias IHEJXSY to IHEJXSI in CBT.V508.FILE1058.PDS, moved to PDS/IHEJXSY
2025-04-04 04:22:32.791411 - Found alias IHEKCA to IHEKCAA in CBT.V508.FILE1058.PDS, moved to PDS/IHEKCA
2025-04-04 04:22:32.791556 - Found IHEKCAA.bin (application/octet-stream) in CBT.V508.FILE1058.PDS, moved to PDS/IHEKCAA
2025-04-04 04:22:32.791623 - Found alias IHEKCB to IHEKCBA in CBT.V508.FILE1058.PDS, moved to PDS/IHEKCB
2025-04-04 04:22:32.791775 - Found IHEKCBA.bin (application/octet-stream) in CBT.V508.FILE1058.PDS, moved to PDS/IHEKCBA
2025-04-04 04:22:32.791853 - Found alias IHEKCD to IHEKCDA in CBT.V508.FILE1058.PDS, moved to PDS/IHEKCD
2025-04-04 04:22:32.792001 - Found IHEKCDA.bin (application/octet-stream) in CBT.V508.FILE1058.PDS, moved to PDS/IHEKCDA
2025-04-04 04:22:32.792070 - Found alias IHEKCDB to IHEKCDA in CBT.V508.FILE1058.PDS, moved to PDS/IHEKCDB
2025-04-04 04:22:32.792210 - Found IHELDIA.bin (application/octet-stream) in CBT.V508.FILE1058.PDS, moved to PDS/IHELDIA
2025-04-04 04:22:32.792273 - Found alias IHELDIB to IHELDIA in CBT.V508.FILE1058.PDS, moved to PDS/IHELDIB
2025-04-04 04:22:32.792337 - Found alias IHELDIC to IHELDIA in CBT.V508.FILE1058.PDS, moved to PDS/IHELDIC
2025-04-04 04:22:32.792399 - Found alias IHELDID to IHELDIA in CBT.V508.FILE1058.PDS, moved to PDS/IHELDID
2025-04-04 04:22:32.792533 - Found IHELDOA.bin (application/octet-stream) in CBT.V508.FILE1058.PDS, moved to PDS/IHELDOA
2025-04-04 04:22:32.792595 - Found alias IHELDOB to IHELDOA in CBT.V508.FILE1058.PDS, moved to PDS/IHELDOB
2025-04-04 04:22:32.792658 - Found alias IHELDOC to IHELDOA in CBT.V508.FILE1058.PDS, moved to PDS/IHELDOC
2025-04-04 04:22:32.792721 - Found alias IHELNLD to IHELNL2 in CBT.V508.FILE1058.PDS, moved to PDS/IHELNLD
2025-04-04 04:22:32.792785 - Found alias IHELNLE to IHELNL2 in CBT.V508.FILE1058.PDS, moved to PDS/IHELNLE
2025-04-04 04:22:32.792925 - Found IHELNL2.bin (application/octet-stream) in CBT.V508.FILE1058.PDS, moved to PDS/IHELNL2
2025-04-04 04:22:32.792986 - Found alias IHELNSD to IHELNS2 in CBT.V508.FILE1058.PDS, moved to PDS/IHELNSD
2025-04-04 04:22:32.793044 - Found alias IHELNSE to IHELNS2 in CBT.V508.FILE1058.PDS, moved to PDS/IHELNSE
2025-04-04 04:22:32.793150 - Found IHELNS2.bin (application/octet-stream) in CBT.V508.FILE1058.PDS, moved to PDS/IHELNS2
2025-04-04 04:22:32.793266 - Found IHELNW0.bin (application/octet-stream) in CBT.V508.FILE1058.PDS, moved to PDS/IHELNW0
2025-04-04 04:22:32.793377 - Found IHELNZ0.bin (application/octet-stream) in CBT.V508.FILE1058.PDS, moved to PDS/IHELNZ0
2025-04-04 04:22:32.793492 - Found IHELSPA.bin (application/octet-stream) in CBT.V508.FILE1058.PDS, moved to PDS/IHELSPA
2025-04-04 04:22:32.793552 - Found alias IHELSPB to IHELSPA in CBT.V508.FILE1058.PDS, moved to PDS/IHELSPB
2025-04-04 04:22:32.793608 - Found alias IHELSPC to IHELSPA in CBT.V508.FILE1058.PDS, moved to PDS/IHELSPC
2025-04-04 04:22:32.793663 - Found alias IHELSPD to IHELSPA in CBT.V508.FILE1058.PDS, moved to PDS/IHELSPD
2025-04-04 04:22:32.793719 - Found alias IHELSPE to IHELSPA in CBT.V508.FILE1058.PDS, moved to PDS/IHELSPE
2025-04-04 04:22:32.793836 - Found IHELTTA.bin (application/octet-stream) in CBT.V508.FILE1058.PDS, moved to PDS/IHELTTA
2025-04-04 04:22:32.793951 - Found IHELTVA.bin (application/octet-stream) in CBT.V508.FILE1058.PDS, moved to PDS/IHELTVA
2025-04-04 04:22:32.794061 - Found IHEMAIN.bin (application/octet-stream) in CBT.V508.FILE1058.PDS, moved to PDS/IHEMAIN
2025-04-04 04:22:32.794192 - Found IHEMPU0.bin (application/octet-stream) in CBT.V508.FILE1058.PDS, moved to PDS/IHEMPU0
2025-04-04 04:22:32.794330 - Found IHEMPV0.bin (application/octet-stream) in CBT.V508.FILE1058.PDS, moved to PDS/IHEMPV0
2025-04-04 04:22:32.794398 - Found alias IHEMXBN to IHEMXBX in CBT.V508.FILE1058.PDS, moved to PDS/IHEMXBN
2025-04-04 04:22:32.794719 - Found IHEMXBX.bin (application/octet-stream) in CBT.V508.FILE1058.PDS, moved to PDS/IHEMXBX
2025-04-04 04:22:32.794813 - Found alias IHEMXDN to IHEMXDX in CBT.V508.FILE1058.PDS, moved to PDS/IHEMXDN
2025-04-04 04:22:32.794988 - Found IHEMXDX.bin (application/octet-stream) in CBT.V508.FILE1058.PDS, moved to PDS/IHEMXDX
2025-04-04 04:22:32.795073 - Found alias IHEMXLN to IHEMXLX in CBT.V508.FILE1058.PDS, moved to PDS/IHEMXLN
2025-04-04 04:22:32.795233 - Found IHEMXLX.bin (application/octet-stream) in CBT.V508.FILE1058.PDS, moved to PDS/IHEMXLX
2025-04-04 04:22:32.795307 - Found alias IHEMXSN to IHEMXSX in CBT.V508.FILE1058.PDS, moved to PDS/IHEMXSN
2025-04-04 04:22:32.795468 - Found IHEMXSX.bin (application/octet-stream) in CBT.V508.FILE1058.PDS, moved to PDS/IHEMXSX
2025-04-04 04:22:32.795540 - Found alias IHEMZUD to IHEMZUM in CBT.V508.FILE1058.PDS, moved to PDS/IHEMZUD
2025-04-04 04:22:32.795687 - Found IHEMZUM.bin (application/octet-stream) in CBT.V508.FILE1058.PDS, moved to PDS/IHEMZUM
2025-04-04 04:22:32.795768 - Found alias IHEMZVD to IHEMZVM in CBT.V508.FILE1058.PDS, moved to PDS/IHEMZVD
2025-04-04 04:22:32.795915 - Found IHEMZVM.bin (application/octet-stream) in CBT.V508.FILE1058.PDS, moved to PDS/IHEMZVM
2025-04-04 04:22:32.796059 - Found IHEMZW0.bin (application/octet-stream) in CBT.V508.FILE1058.PDS, moved to PDS/IHEMZW0
2025-04-04 04:22:32.796203 - Found IHEMZZ0.bin (application/octet-stream) in CBT.V508.FILE1058.PDS, moved to PDS/IHEMZZ0
2025-04-04 04:22:32.796277 - Found alias IHEM91 to IHEM91A in CBT.V508.FILE1058.PDS, moved to PDS/IHEM91
2025-04-04 04:22:32.796429 - Found IHEM91A.bin (application/octet-stream) in CBT.V508.FILE1058.PDS, moved to PDS/IHEM91A
2025-04-04 04:22:32.796502 - Found alias IHEM91B to IHEM91A in CBT.V508.FILE1058.PDS, moved to PDS/IHEM91B
2025-04-04 04:22:32.796568 - Found alias IHEM91C to IHEM91A in CBT.V508.FILE1058.PDS, moved to PDS/IHEM91C
2025-04-04 04:22:32.796637 - Found alias IHENL1A to IHENL1N in CBT.V508.FILE1058.PDS, moved to PDS/IHENL1A
2025-04-04 04:22:32.796701 - Found alias IHENL1L to IHENL1N in CBT.V508.FILE1058.PDS, moved to PDS/IHENL1L
2025-04-04 04:22:32.796838 - Found IHENL1N.bin (application/octet-stream) in CBT.V508.FILE1058.PDS, moved to PDS/IHENL1N
2025-04-04 04:22:32.796904 - Found alias IHENL2A to IHENL2N in CBT.V508.FILE1058.PDS, moved to PDS/IHENL2A
2025-04-04 04:22:32.796963 - Found alias IHENL2L to IHENL2N in CBT.V508.FILE1058.PDS, moved to PDS/IHENL2L
2025-04-04 04:22:32.797074 - Found IHENL2N.bin (application/octet-stream) in CBT.V508.FILE1058.PDS, moved to PDS/IHENL2N
2025-04-04 04:22:32.797190 - Found IHEOCLA.bin (application/octet-stream) in CBT.V508.FILE1058.PDS, moved to PDS/IHEOCLA
2025-04-04 04:22:32.797255 - Found alias IHEOCLB to IHEOCLA in CBT.V508.FILE1058.PDS, moved to PDS/IHEOCLB
2025-04-04 04:22:32.797313 - Found alias IHEOCLC to IHEOCLA in CBT.V508.FILE1058.PDS, moved to PDS/IHEOCLC
2025-04-04 04:22:32.797376 - Found alias IHEOCLD to IHEOCLA in CBT.V508.FILE1058.PDS, moved to PDS/IHEOCLD
2025-04-04 04:22:32.797483 - Found IHEOCTA.bin (application/octet-stream) in CBT.V508.FILE1058.PDS, moved to PDS/IHEOCTA
2025-04-04 04:22:32.797549 - Found alias IHEOCTB to IHEOCTA in CBT.V508.FILE1058.PDS, moved to PDS/IHEOCTB
2025-04-04 04:22:32.797615 - Found alias IHEOCTC to IHEOCTA in CBT.V508.FILE1058.PDS, moved to PDS/IHEOCTC
2025-04-04 04:22:32.797675 - Found alias IHEOCTD to IHEOCTA in CBT.V508.FILE1058.PDS, moved to PDS/IHEOCTD
2025-04-04 04:22:32.797787 - Found IHEOPNA.bin (application/octet-stream) in CBT.V508.FILE1058.PDS, moved to PDS/IHEOPNA
2025-04-04 04:22:32.797899 - Found IHEOPOA.bin (application/octet-stream) in CBT.V508.FILE1058.PDS, moved to PDS/IHEOPOA
2025-04-04 04:22:32.798014 - Found IHEOPPA.bin (application/octet-stream) in CBT.V508.FILE1058.PDS, moved to PDS/IHEOPPA
2025-04-04 04:22:32.798132 - Found IHEOPQA.bin (application/octet-stream) in CBT.V508.FILE1058.PDS, moved to PDS/IHEOPQA
2025-04-04 04:22:32.798249 - Found IHEOPZA.bin (application/octet-stream) in CBT.V508.FILE1058.PDS, moved to PDS/IHEOPZA
2025-04-04 04:22:32.798361 - Found IHEOSDA.bin (application/octet-stream) in CBT.V508.FILE1058.PDS, moved to PDS/IHEOSDA
2025-04-04 04:22:32.798483 - Found IHEOSEA.bin (application/octet-stream) in CBT.V508.FILE1058.PDS, moved to PDS/IHEOSEA
2025-04-04 04:22:32.798591 - Found IHEOSIA.bin (application/octet-stream) in CBT.V508.FILE1058.PDS, moved to PDS/IHEOSIA
2025-04-04 04:22:32.798701 - Found IHEOSSA.bin (application/octet-stream) in CBT.V508.FILE1058.PDS, moved to PDS/IHEOSSA
2025-04-04 04:22:32.798832 - Found IHEOSTA.bin (application/octet-stream) in CBT.V508.FILE1058.PDS, moved to PDS/IHEOSTA
2025-04-04 04:22:32.798952 - Found IHEOSWA.bin (application/octet-stream) in CBT.V508.FILE1058.PDS, moved to PDS/IHEOSWA
2025-04-04 04:22:32.799076 - Found IHEPDF0.bin (application/octet-stream) in CBT.V508.FILE1058.PDS, moved to PDS/IHEPDF0
2025-04-04 04:22:32.799186 - Found IHEPDL0.bin (application/octet-stream) in CBT.V508.FILE1058.PDS, moved to PDS/IHEPDL0
2025-04-04 04:22:32.799295 - Found IHEPDS0.bin (application/octet-stream) in CBT.V508.FILE1058.PDS, moved to PDS/IHEPDS0
2025-04-04 04:22:32.799415 - Found IHEPDW0.bin (application/octet-stream) in CBT.V508.FILE1058.PDS, moved to PDS/IHEPDW0
2025-04-04 04:22:32.799533 - Found IHEPDX0.bin (application/octet-stream) in CBT.V508.FILE1058.PDS, moved to PDS/IHEPDX0
2025-04-04 04:22:32.799639 - Found IHEPDZ0.bin (application/octet-stream) in CBT.V508.FILE1058.PDS, moved to PDS/IHEPDZ0
2025-04-04 04:22:32.799751 - Found IHEPRDA.bin (application/octet-stream) in CBT.V508.FILE1058.PDS, moved to PDS/IHEPRDA
2025-04-04 04:22:32.799857 - Found IHEPRTA.bin (application/octet-stream) in CBT.V508.FILE1058.PDS, moved to PDS/IHEPRTA
2025-04-04 04:22:32.799928 - Found alias IHEPRTB to IHEPRTA in CBT.V508.FILE1058.PDS, moved to PDS/IHEPRTB
2025-04-04 04:22:32.800056 - Found IHEPSF0.bin (application/octet-stream) in CBT.V508.FILE1058.PDS, moved to PDS/IHEPSF0
2025-04-04 04:22:32.800168 - Found IHEPSL0.bin (application/octet-stream) in CBT.V508.FILE1058.PDS, moved to PDS/IHEPSL0
2025-04-04 04:22:32.800289 - Found IHEPSS0.bin (application/octet-stream) in CBT.V508.FILE1058.PDS, moved to PDS/IHEPSS0
2025-04-04 04:22:32.800401 - Found IHEPSW0.bin (application/octet-stream) in CBT.V508.FILE1058.PDS, moved to PDS/IHEPSW0
2025-04-04 04:22:32.800520 - Found IHEPSX0.bin (application/octet-stream) in CBT.V508.FILE1058.PDS, moved to PDS/IHEPSX0
2025-04-04 04:22:32.800629 - Found IHEPSZ0.bin (application/octet-stream) in CBT.V508.FILE1058.PDS, moved to PDS/IHEPSZ0
2025-04-04 04:22:32.800785 - Found IHEPTTA.bin (application/octet-stream) in CBT.V508.FILE1058.PDS, moved to PDS/IHEPTTA
2025-04-04 04:22:32.800851 - Found alias IHEPTTB to IHEPTTA in CBT.V508.FILE1058.PDS, moved to PDS/IHEPTTB
2025-04-04 04:22:32.800914 - Found alias IHERESN to IHEREST in CBT.V508.FILE1058.PDS, moved to PDS/IHERESN
2025-04-04 04:22:32.801039 - Found IHEREST.bin (application/octet-stream) in CBT.V508.FILE1058.PDS, moved to PDS/IHEREST
2025-04-04 04:22:32.801119 - Found alias IHESADA to IHESAPA in CBT.V508.FILE1058.PDS, moved to PDS/IHESADA
2025-04-04 04:22:32.801228 - Found IHESAPA.bin (application/octet-stream) in CBT.V508.FILE1058.PDS, moved to PDS/IHESAPA
2025-04-04 04:22:32.801295 - Found alias IHESAPB to IHESAPA in CBT.V508.FILE1058.PDS, moved to PDS/IHESAPB
2025-04-04 04:22:32.801357 - Found alias IHESAPC to IHESAPA in CBT.V508.FILE1058.PDS, moved to PDS/IHESAPC
2025-04-04 04:22:32.801419 - Found alias IHESAPD to IHESAPA in CBT.V508.FILE1058.PDS, moved to PDS/IHESAPD
2025-04-04 04:22:32.801481 - Found alias IHESHLC to IHESHLS in CBT.V508.FILE1058.PDS, moved to PDS/IHESHLC
2025-04-04 04:22:32.801588 - Found IHESHLS.bin (application/octet-stream) in CBT.V508.FILE1058.PDS, moved to PDS/IHESHLS
2025-04-04 04:22:32.801655 - Found alias IHESHSC to IHESHSS in CBT.V508.FILE1058.PDS, moved to PDS/IHESHSC
2025-04-04 04:22:32.801758 - Found IHESHSS.bin (application/octet-stream) in CBT.V508.FILE1058.PDS, moved to PDS/IHESHSS
2025-04-04 04:22:32.801864 - Found IHESIZE.bin (application/octet-stream) in CBT.V508.FILE1058.PDS, moved to PDS/IHESIZE
2025-04-04 04:22:32.801986 - Found IHESMF0.bin (application/octet-stream) in CBT.V508.FILE1058.PDS, moved to PDS/IHESMF0
2025-04-04 04:22:32.802117 - Found IHESMGC.bin (application/octet-stream) in CBT.V508.FILE1058.PDS, moved to PDS/IHESMGC
2025-04-04 04:22:32.802187 - Found alias IHESMGR to IHESMGC in CBT.V508.FILE1058.PDS, moved to PDS/IHESMGR
2025-04-04 04:22:32.802292 - Found IHESMHC.bin (application/octet-stream) in CBT.V508.FILE1058.PDS, moved to PDS/IHESMHC
2025-04-04 04:22:32.802360 - Found alias IHESMHR to IHESMHC in CBT.V508.FILE1058.PDS, moved to PDS/IHESMHR
2025-04-04 04:22:32.802472 - Found IHESMX0.bin (application/octet-stream) in CBT.V508.FILE1058.PDS, moved to PDS/IHESMX0
2025-04-04 04:22:32.802540 - Found alias IHESNLC to IHESNLK in CBT.V508.FILE1058.PDS, moved to PDS/IHESNLC
2025-04-04 04:22:32.802645 - Found IHESNLK.bin (application/octet-stream) in CBT.V508.FILE1058.PDS, moved to PDS/IHESNLK
2025-04-04 04:22:32.802726 - Found alias IHESNLS to IHESNLK in CBT.V508.FILE1058.PDS, moved to PDS/IHESNLS
2025-04-04 04:22:32.802789 - Found alias IHESNLZ to IHESNLK in CBT.V508.FILE1058.PDS, moved to PDS/IHESNLZ
2025-04-04 04:22:32.802854 - Found alias IHESNSC to IHESNSS in CBT.V508.FILE1058.PDS, moved to PDS/IHESNSC
2025-04-04 04:22:32.802916 - Found alias IHESNSK to IHESNSS in CBT.V508.FILE1058.PDS, moved to PDS/IHESNSK
2025-04-04 04:22:32.803019 - Found IHESNSS.bin (application/octet-stream) in CBT.V508.FILE1058.PDS, moved to PDS/IHESNSS
2025-04-04 04:22:32.803086 - Found alias IHESNSZ to IHESNSS in CBT.V508.FILE1058.PDS, moved to PDS/IHESNSZ
2025-04-04 04:22:32.803149 - Found alias IHESNWC to IHESNWK in CBT.V508.FILE1058.PDS, moved to PDS/IHESNWC
2025-04-04 04:22:32.803250 - Found IHESNWK.bin (application/octet-stream) in CBT.V508.FILE1058.PDS, moved to PDS/IHESNWK
2025-04-04 04:22:32.803320 - Found alias IHESNWS to IHESNWK in CBT.V508.FILE1058.PDS, moved to PDS/IHESNWS
2025-04-04 04:22:32.803389 - Found alias IHESNWZ to IHESNWK in CBT.V508.FILE1058.PDS, moved to PDS/IHESNWZ
2025-04-04 04:22:32.803456 - Found alias IHESNZC to IHESNZK in CBT.V508.FILE1058.PDS, moved to PDS/IHESNZC
2025-04-04 04:22:32.803561 - Found IHESNZK.bin (application/octet-stream) in CBT.V508.FILE1058.PDS, moved to PDS/IHESNZK
2025-04-04 04:22:32.803629 - Found alias IHESNZS to IHESNZK in CBT.V508.FILE1058.PDS, moved to PDS/IHESNZS
2025-04-04 04:22:32.803695 - Found alias IHESNZZ to IHESNZK in CBT.V508.FILE1058.PDS, moved to PDS/IHESNZZ
2025-04-04 04:22:32.803803 - Found IHESPRT.bin (application/octet-stream) in CBT.V508.FILE1058.PDS, moved to PDS/IHESPRT
2025-04-04 04:22:32.803910 - Found IHESQL0.bin (application/octet-stream) in CBT.V508.FILE1058.PDS, moved to PDS/IHESQL0
2025-04-04 04:22:32.804016 - Found IHESQS0.bin (application/octet-stream) in CBT.V508.FILE1058.PDS, moved to PDS/IHESQS0
2025-04-04 04:22:32.804139 - Found IHESQW0.bin (application/octet-stream) in CBT.V508.FILE1058.PDS, moved to PDS/IHESQW0
2025-04-04 04:22:32.804246 - Found IHESQZ0.bin (application/octet-stream) in CBT.V508.FILE1058.PDS, moved to PDS/IHESQZ0
2025-04-04 04:22:32.804351 - Found IHESRCA.bin (application/octet-stream) in CBT.V508.FILE1058.PDS, moved to PDS/IHESRCA
2025-04-04 04:22:32.804431 - Found alias IHESRCB to IHESRCA in CBT.V508.FILE1058.PDS, moved to PDS/IHESRCB
2025-04-04 04:22:32.804499 - Found alias IHESRCC to IHESRCA in CBT.V508.FILE1058.PDS, moved to PDS/IHESRCC
2025-04-04 04:22:32.804563 - Found alias IHESRCD to IHESRCA in CBT.V508.FILE1058.PDS, moved to PDS/IHESRCD
2025-04-04 04:22:32.804627 - Found alias IHESRCE to IHESRCA in CBT.V508.FILE1058.PDS, moved to PDS/IHESRCE
2025-04-04 04:22:32.804692 - Found alias IHESRCF to IHESRCA in CBT.V508.FILE1058.PDS, moved to PDS/IHESRCF
2025-04-04 04:22:32.804801 - Found IHESRDA.bin (application/octet-stream) in CBT.V508.FILE1058.PDS, moved to PDS/IHESRDA
2025-04-04 04:22:32.804919 - Found IHESRTA.bin (application/octet-stream) in CBT.V508.FILE1058.PDS, moved to PDS/IHESRTA
2025-04-04 04:22:32.804989 - Found alias IHESRTB to IHESRTA in CBT.V508.FILE1058.PDS, moved to PDS/IHESRTB
2025-04-04 04:22:32.805055 - Found alias IHESRTC to IHESRTA in CBT.V508.FILE1058.PDS, moved to PDS/IHESRTC
2025-04-04 04:22:32.805121 - Found alias IHESRTD to IHESRTA in CBT.V508.FILE1058.PDS, moved to PDS/IHESRTD
2025-04-04 04:22:32.805234 - Found IHESSF0.bin (application/octet-stream) in CBT.V508.FILE1058.PDS, moved to PDS/IHESSF0
2025-04-04 04:22:32.805342 - Found IHESSGC.bin (application/octet-stream) in CBT.V508.FILE1058.PDS, moved to PDS/IHESSGC
2025-04-04 04:22:32.805413 - Found alias IHESSGR to IHESSGC in CBT.V508.FILE1058.PDS, moved to PDS/IHESSGR
2025-04-04 04:22:32.805518 - Found IHESSHC.bin (application/octet-stream) in CBT.V508.FILE1058.PDS, moved to PDS/IHESSHC
2025-04-04 04:22:32.805592 - Found alias IHESSHR to IHESSHC in CBT.V508.FILE1058.PDS, moved to PDS/IHESSHR
2025-04-04 04:22:32.805737 - Found IHESSX0.bin (application/octet-stream) in CBT.V508.FILE1058.PDS, moved to PDS/IHESSX0
2025-04-04 04:22:32.805847 - Found IHESTAA.bin (application/octet-stream) in CBT.V508.FILE1058.PDS, moved to PDS/IHESTAA
2025-04-04 04:22:32.805959 - Found IHESTGA.bin (application/octet-stream) in CBT.V508.FILE1058.PDS, moved to PDS/IHESTGA
2025-04-04 04:22:32.806045 - Found alias IHESTGB to IHESTGA in CBT.V508.FILE1058.PDS, moved to PDS/IHESTGB
2025-04-04 04:22:32.806150 - Found IHESTPA.bin (application/octet-stream) in CBT.V508.FILE1058.PDS, moved to PDS/IHESTPA
2025-04-04 04:22:32.806265 - Found IHESTRA.bin (application/octet-stream) in CBT.V508.FILE1058.PDS, moved to PDS/IHESTRA
2025-04-04 04:22:32.806338 - Found alias IHESTRB to IHESTRA in CBT.V508.FILE1058.PDS, moved to PDS/IHESTRB
2025-04-04 04:22:32.806406 - Found alias IHESTRC to IHESTRA in CBT.V508.FILE1058.PDS, moved to PDS/IHESTRC
2025-04-04 04:22:32.806508 - Found IHESUBA.bin (application/octet-stream) in CBT.V508.FILE1058.PDS, moved to PDS/IHESUBA
2025-04-04 04:22:32.806620 - Found IHETABS.bin (application/octet-stream) in CBT.V508.FILE1058.PDS, moved to PDS/IHETABS
2025-04-04 04:22:32.806744 - Found IHETCVA.bin (application/octet-stream) in CBT.V508.FILE1058.PDS, moved to PDS/IHETCVA
2025-04-04 04:22:32.806817 - Found alias IHETCVB to IHETCVA in CBT.V508.FILE1058.PDS, moved to PDS/IHETCVB
2025-04-04 04:22:32.806922 - Found IHETEAA.bin (application/octet-stream) in CBT.V508.FILE1058.PDS, moved to PDS/IHETEAA
2025-04-04 04:22:32.807007 - Found alias IHETER to IHETERA in CBT.V508.FILE1058.PDS, moved to PDS/IHETER
2025-04-04 04:22:32.807111 - Found IHETERA.bin (application/octet-stream) in CBT.V508.FILE1058.PDS, moved to PDS/IHETERA
2025-04-04 04:22:32.807217 - Found IHETEVA.bin (application/octet-stream) in CBT.V508.FILE1058.PDS, moved to PDS/IHETEVA
2025-04-04 04:22:32.807325 - Found IHETEXA.bin (application/octet-stream) in CBT.V508.FILE1058.PDS, moved to PDS/IHETEXA
2025-04-04 04:22:32.807397 - Found alias IHETEXB to IHETEXA in CBT.V508.FILE1058.PDS, moved to PDS/IHETEXB
2025-04-04 04:22:32.807465 - Found alias IHETEXC to IHETEXA in CBT.V508.FILE1058.PDS, moved to PDS/IHETEXC
2025-04-04 04:22:32.807567 - Found IHETHL0.bin (application/octet-stream) in CBT.V508.FILE1058.PDS, moved to PDS/IHETHL0
2025-04-04 04:22:32.807693 - Found IHETHS0.bin (application/octet-stream) in CBT.V508.FILE1058.PDS, moved to PDS/IHETHS0
2025-04-04 04:22:32.807807 - Found IHETNLD.bin (application/octet-stream) in CBT.V508.FILE1058.PDS, moved to PDS/IHETNLD
2025-04-04 04:22:32.807882 - Found alias IHETNLR to IHETNLD in CBT.V508.FILE1058.PDS, moved to PDS/IHETNLR
2025-04-04 04:22:32.807987 - Found IHETNSD.bin (application/octet-stream) in CBT.V508.FILE1058.PDS, moved to PDS/IHETNSD
2025-04-04 04:22:32.808061 - Found alias IHETNSR to IHETNSD in CBT.V508.FILE1058.PDS, moved to PDS/IHETNSR
2025-04-04 04:22:32.808163 - Found IHETNWH.bin (application/octet-stream) in CBT.V508.FILE1058.PDS, moved to PDS/IHETNWH
2025-04-04 04:22:32.808249 - Found alias IHETNWN to IHETNWH in CBT.V508.FILE1058.PDS, moved to PDS/IHETNWN
2025-04-04 04:22:32.808352 - Found IHETNZH.bin (application/octet-stream) in CBT.V508.FILE1058.PDS, moved to PDS/IHETNZH
2025-04-04 04:22:32.808425 - Found alias IHETNZN to IHETNZH in CBT.V508.FILE1058.PDS, moved to PDS/IHETNZN
2025-04-04 04:22:32.808526 - Found IHETOMA.bin (application/octet-stream) in CBT.V508.FILE1058.PDS, moved to PDS/IHETOMA
2025-04-04 04:22:32.808599 - Found alias IHETOMB to IHETOMA in CBT.V508.FILE1058.PDS, moved to PDS/IHETOMB
2025-04-04 04:22:32.808675 - Found alias IHETOMC to IHETOMA in CBT.V508.FILE1058.PDS, moved to PDS/IHETOMC
2025-04-04 04:22:32.808746 - Found alias IHETOMD to IHETOMA in CBT.V508.FILE1058.PDS, moved to PDS/IHETOMD
2025-04-04 04:22:32.808814 - Found alias IHETOME to IHETOMA in CBT.V508.FILE1058.PDS, moved to PDS/IHETOME
2025-04-04 04:22:32.808918 - Found IHETPBA.bin (application/octet-stream) in CBT.V508.FILE1058.PDS, moved to PDS/IHETPBA
2025-04-04 04:22:32.809037 - Found IHETPRA.bin (application/octet-stream) in CBT.V508.FILE1058.PDS, moved to PDS/IHETPRA
2025-04-04 04:22:32.809112 - Found alias IHETSAA to IHETSAP in CBT.V508.FILE1058.PDS, moved to PDS/IHETSAA
2025-04-04 04:22:32.809182 - Found alias IHETSAD to IHETSAP in CBT.V508.FILE1058.PDS, moved to PDS/IHETSAD
2025-04-04 04:22:32.809289 - Found IHETSAP.bin (application/octet-stream) in CBT.V508.FILE1058.PDS, moved to PDS/IHETSAP
2025-04-04 04:22:32.809395 - Found IHETSEA.bin (application/octet-stream) in CBT.V508.FILE1058.PDS, moved to PDS/IHETSEA
2025-04-04 04:22:32.809504 - Found IHETSSA.bin (application/octet-stream) in CBT.V508.FILE1058.PDS, moved to PDS/IHETSSA
2025-04-04 04:22:32.809609 - Found IHETSWA.bin (application/octet-stream) in CBT.V508.FILE1058.PDS, moved to PDS/IHETSWA
2025-04-04 04:22:32.809686 - Found alias IHEUPA to IHEUPAA in CBT.V508.FILE1058.PDS, moved to PDS/IHEUPA
2025-04-04 04:22:32.809811 - Found IHEUPAA.bin (application/octet-stream) in CBT.V508.FILE1058.PDS, moved to PDS/IHEUPAA
2025-04-04 04:22:32.809888 - Found alias IHEUPAB to IHEUPAA in CBT.V508.FILE1058.PDS, moved to PDS/IHEUPAB
2025-04-04 04:22:32.809958 - Found alias IHEUPB to IHEUPBA in CBT.V508.FILE1058.PDS, moved to PDS/IHEUPB
2025-04-04 04:22:32.810077 - Found IHEUPBA.bin (application/octet-stream) in CBT.V508.FILE1058.PDS, moved to PDS/IHEUPBA
2025-04-04 04:22:32.810153 - Found alias IHEUPBB to IHEUPBA in CBT.V508.FILE1058.PDS, moved to PDS/IHEUPBB
2025-04-04 04:22:32.810225 - Found alias IHEVCA to IHEVCAA in CBT.V508.FILE1058.PDS, moved to PDS/IHEVCA
2025-04-04 04:22:32.810334 - Found IHEVCAA.bin (application/octet-stream) in CBT.V508.FILE1058.PDS, moved to PDS/IHEVCAA
2025-04-04 04:22:32.810421 - Found alias IHEVCS to IHEVCSA in CBT.V508.FILE1058.PDS, moved to PDS/IHEVCS
2025-04-04 04:22:32.810529 - Found IHEVCSA.bin (application/octet-stream) in CBT.V508.FILE1058.PDS, moved to PDS/IHEVCSA
2025-04-04 04:22:32.810603 - Found alias IHEVCSB to IHEVCSA in CBT.V508.FILE1058.PDS, moved to PDS/IHEVCSB
2025-04-04 04:22:32.810675 - Found alias IHEVFA to IHEVFAA in CBT.V508.FILE1058.PDS, moved to PDS/IHEVFA
2025-04-04 04:22:32.810786 - Found IHEVFAA.bin (application/octet-stream) in CBT.V508.FILE1058.PDS, moved to PDS/IHEVFAA
2025-04-04 04:22:32.810861 - Found alias IHEVFB to IHEVFBA in CBT.V508.FILE1058.PDS, moved to PDS/IHEVFB
2025-04-04 04:22:32.810970 - Found IHEVFBA.bin (application/octet-stream) in CBT.V508.FILE1058.PDS, moved to PDS/IHEVFBA
2025-04-04 04:22:32.811045 - Found alias IHEVFC to IHEVFCA in CBT.V508.FILE1058.PDS, moved to PDS/IHEVFC
2025-04-04 04:22:32.811163 - Found IHEVFCA.bin (application/octet-stream) in CBT.V508.FILE1058.PDS, moved to PDS/IHEVFCA
2025-04-04 04:22:32.811240 - Found alias IHEVFD to IHEVFDA in CBT.V508.FILE1058.PDS, moved to PDS/IHEVFD
2025-04-04 04:22:32.811344 - Found IHEVFDA.bin (application/octet-stream) in CBT.V508.FILE1058.PDS, moved to PDS/IHEVFDA
2025-04-04 04:22:32.811423 - Found alias IHEVFE to IHEVFEA in CBT.V508.FILE1058.PDS, moved to PDS/IHEVFE
2025-04-04 04:22:32.811532 - Found IHEVFEA.bin (application/octet-stream) in CBT.V508.FILE1058.PDS, moved to PDS/IHEVFEA
2025-04-04 04:22:32.811607 - Found alias IHEVKB to IHEVKBA in CBT.V508.FILE1058.PDS, moved to PDS/IHEVKB
2025-04-04 04:22:32.811712 - Found IHEVKBA.bin (application/octet-stream) in CBT.V508.FILE1058.PDS, moved to PDS/IHEVKBA
2025-04-04 04:22:32.811787 - Found alias IHEVKC to IHEVKCA in CBT.V508.FILE1058.PDS, moved to PDS/IHEVKC
2025-04-04 04:22:32.811893 - Found IHEVKCA.bin (application/octet-stream) in CBT.V508.FILE1058.PDS, moved to PDS/IHEVKCA
2025-04-04 04:22:32.811969 - Found alias IHEVKF to IHEVKFA in CBT.V508.FILE1058.PDS, moved to PDS/IHEVKF
2025-04-04 04:22:32.812073 - Found IHEVKFA.bin (application/octet-stream) in CBT.V508.FILE1058.PDS, moved to PDS/IHEVKFA
2025-04-04 04:22:32.812150 - Found alias IHEVKG to IHEVKGA in CBT.V508.FILE1058.PDS, moved to PDS/IHEVKG
2025-04-04 04:22:32.812278 - Found IHEVKGA.bin (application/octet-stream) in CBT.V508.FILE1058.PDS, moved to PDS/IHEVKGA
2025-04-04 04:22:32.812357 - Found alias IHEVPA to IHEVPAA in CBT.V508.FILE1058.PDS, moved to PDS/IHEVPA
2025-04-04 04:22:32.812470 - Found IHEVPAA.bin (application/octet-stream) in CBT.V508.FILE1058.PDS, moved to PDS/IHEVPAA
2025-04-04 04:22:32.812567 - Found alias IHEVPB to IHEVPBA in CBT.V508.FILE1058.PDS, moved to PDS/IHEVPB
2025-04-04 04:22:32.812706 - Found IHEVPBA.bin (application/octet-stream) in CBT.V508.FILE1058.PDS, moved to PDS/IHEVPBA
2025-04-04 04:22:32.812791 - Found alias IHEVPC to IHEVPCA in CBT.V508.FILE1058.PDS, moved to PDS/IHEVPC
2025-04-04 04:22:32.812935 - Found IHEVPCA.bin (application/octet-stream) in CBT.V508.FILE1058.PDS, moved to PDS/IHEVPCA
2025-04-04 04:22:32.813019 - Found alias IHEVPD to IHEVPDA in CBT.V508.FILE1058.PDS, moved to PDS/IHEVPD
2025-04-04 04:22:32.813149 - Found IHEVPDA.bin (application/octet-stream) in CBT.V508.FILE1058.PDS, moved to PDS/IHEVPDA
2025-04-04 04:22:32.813245 - Found alias IHEVPE to IHEVPEA in CBT.V508.FILE1058.PDS, moved to PDS/IHEVPE
2025-04-04 04:22:32.813393 - Found IHEVPEA.bin (application/octet-stream) in CBT.V508.FILE1058.PDS, moved to PDS/IHEVPEA
2025-04-04 04:22:32.813477 - Found alias IHEVPF to IHEVPFA in CBT.V508.FILE1058.PDS, moved to PDS/IHEVPF
2025-04-04 04:22:32.813623 - Found IHEVPFA.bin (application/octet-stream) in CBT.V508.FILE1058.PDS, moved to PDS/IHEVPFA
2025-04-04 04:22:32.813732 - Found alias IHEVPG to IHEVPGA in CBT.V508.FILE1058.PDS, moved to PDS/IHEVPG
2025-04-04 04:22:32.813869 - Found IHEVPGA.bin (application/octet-stream) in CBT.V508.FILE1058.PDS, moved to PDS/IHEVPGA
2025-04-04 04:22:32.813951 - Found alias IHEVPH to IHEVPHA in CBT.V508.FILE1058.PDS, moved to PDS/IHEVPH
2025-04-04 04:22:32.814094 - Found IHEVPHA.bin (application/octet-stream) in CBT.V508.FILE1058.PDS, moved to PDS/IHEVPHA
2025-04-04 04:22:32.814241 - Found IHEVQAA.bin (application/octet-stream) in CBT.V508.FILE1058.PDS, moved to PDS/IHEVQAA
2025-04-04 04:22:32.814323 - Found alias IHEVQB to IHEVQBA in CBT.V508.FILE1058.PDS, moved to PDS/IHEVQB
2025-04-04 04:22:32.814450 - Found IHEVQBA.bin (application/octet-stream) in CBT.V508.FILE1058.PDS, moved to PDS/IHEVQBA
2025-04-04 04:22:32.814536 - Found alias IHEVQC to IHEVQCA in CBT.V508.FILE1058.PDS, moved to PDS/IHEVQC
2025-04-04 04:22:32.814685 - Found IHEVQCA.bin (application/octet-stream) in CBT.V508.FILE1058.PDS, moved to PDS/IHEVQCA
2025-04-04 04:22:32.814777 - Found alias IHEVSA to IHEVSAA in CBT.V508.FILE1058.PDS, moved to PDS/IHEVSA
2025-04-04 04:22:32.814915 - Found IHEVSAA.bin (application/octet-stream) in CBT.V508.FILE1058.PDS, moved to PDS/IHEVSAA
2025-04-04 04:22:32.815001 - Found alias IHEVSB to IHEVSBA in CBT.V508.FILE1058.PDS, moved to PDS/IHEVSB
2025-04-04 04:22:32.815123 - Found IHEVSBA.bin (application/octet-stream) in CBT.V508.FILE1058.PDS, moved to PDS/IHEVSBA
2025-04-04 04:22:32.815205 - Found alias IHEVSC to IHEVSCA in CBT.V508.FILE1058.PDS, moved to PDS/IHEVSC
2025-04-04 04:22:32.815338 - Found IHEVSCA.bin (application/octet-stream) in CBT.V508.FILE1058.PDS, moved to PDS/IHEVSCA
2025-04-04 04:22:32.815424 - Found alias IHEVSD to IHEVSDA in CBT.V508.FILE1058.PDS, moved to PDS/IHEVSD
2025-04-04 04:22:32.815571 - Found IHEVSDA.bin (application/octet-stream) in CBT.V508.FILE1058.PDS, moved to PDS/IHEVSDA
2025-04-04 04:22:32.815651 - Found alias IHEVSDB to IHEVSDA in CBT.V508.FILE1058.PDS, moved to PDS/IHEVSDB
2025-04-04 04:22:32.815731 - Found alias IHEVSE to IHEVSEA in CBT.V508.FILE1058.PDS, moved to PDS/IHEVSE
2025-04-04 04:22:32.815853 - Found IHEVSEA.bin (application/octet-stream) in CBT.V508.FILE1058.PDS, moved to PDS/IHEVSEA
2025-04-04 04:22:32.815937 - Found alias IHEVSEB to IHEVSEA in CBT.V508.FILE1058.PDS, moved to PDS/IHEVSEB
2025-04-04 04:22:32.816013 - Found alias IHEVSF to IHEVSFA in CBT.V508.FILE1058.PDS, moved to PDS/IHEVSF
2025-04-04 04:22:32.816120 - Found IHEVSFA.bin (application/octet-stream) in CBT.V508.FILE1058.PDS, moved to PDS/IHEVSFA
2025-04-04 04:22:32.816226 - Found IHEVTBA.bin (application/octet-stream) in CBT.V508.FILE1058.PDS, moved to PDS/IHEVTBA
2025-04-04 04:22:32.816332 - Found IHEXIB0.bin (application/octet-stream) in CBT.V508.FILE1058.PDS, moved to PDS/IHEXIB0
2025-04-04 04:22:32.816437 - Found IHEXID0.bin (application/octet-stream) in CBT.V508.FILE1058.PDS, moved to PDS/IHEXID0
2025-04-04 04:22:32.816551 - Found IHEXIL0.bin (application/octet-stream) in CBT.V508.FILE1058.PDS, moved to PDS/IHEXIL0
2025-04-04 04:22:32.816670 - Found IHEXIS0.bin (application/octet-stream) in CBT.V508.FILE1058.PDS, moved to PDS/IHEXIS0
2025-04-04 04:22:32.816778 - Found IHEXIU0.bin (application/octet-stream) in CBT.V508.FILE1058.PDS, moved to PDS/IHEXIU0
2025-04-04 04:22:32.816916 - Found IHEXIV0.bin (application/octet-stream) in CBT.V508.FILE1058.PDS, moved to PDS/IHEXIV0
2025-04-04 04:22:32.817032 - Found IHEXIW0.bin (application/octet-stream) in CBT.V508.FILE1058.PDS, moved to PDS/IHEXIW0
2025-04-04 04:22:32.817148 - Found IHEXIZ0.bin (application/octet-stream) in CBT.V508.FILE1058.PDS, moved to PDS/IHEXIZ0
2025-04-04 04:22:32.817252 - Found IHEXXL0.bin (application/octet-stream) in CBT.V508.FILE1058.PDS, moved to PDS/IHEXXL0
2025-04-04 04:22:32.817360 - Found IHEXXS0.bin (application/octet-stream) in CBT.V508.FILE1058.PDS, moved to PDS/IHEXXS0
2025-04-04 04:22:32.817473 - Found IHEXXW0.bin (application/octet-stream) in CBT.V508.FILE1058.PDS, moved to PDS/IHEXXW0
2025-04-04 04:22:32.817588 - Found IHEXXZ0.bin (application/octet-stream) in CBT.V508.FILE1058.PDS, moved to PDS/IHEXXZ0
2025-04-04 04:22:32.817683 - Found alias IHEYGFS to IHEYGFV in CBT.V508.FILE1058.PDS, moved to PDS/IHEYGFS
2025-04-04 04:22:32.817829 - Found IHEYGFV.bin (application/octet-stream) in CBT.V508.FILE1058.PDS, moved to PDS/IHEYGFV
2025-04-04 04:22:32.817920 - Found alias IHEYGLS to IHEYGLV in CBT.V508.FILE1058.PDS, moved to PDS/IHEYGLS
2025-04-04 04:22:32.818095 - Found IHEYGLV.bin (application/octet-stream) in CBT.V508.FILE1058.PDS, moved to PDS/IHEYGLV
2025-04-04 04:22:32.818208 - Found alias IHEYGSS to IHEYGSV in CBT.V508.FILE1058.PDS, moved to PDS/IHEYGSS
2025-04-04 04:22:32.818352 - Found IHEYGSV.bin (application/octet-stream) in CBT.V508.FILE1058.PDS, moved to PDS/IHEYGSV
2025-04-04 04:22:32.818442 - Found alias IHEYGWS to IHEYGWV in CBT.V508.FILE1058.PDS, moved to PDS/IHEYGWS
2025-04-04 04:22:32.818587 - Found IHEYGWV.bin (application/octet-stream) in CBT.V508.FILE1058.PDS, moved to PDS/IHEYGWV
2025-04-04 04:22:32.818679 - Found alias IHEYGXS to IHEYGXV in CBT.V508.FILE1058.PDS, moved to PDS/IHEYGXS
2025-04-04 04:22:32.818831 - Found IHEYGXV.bin (application/octet-stream) in CBT.V508.FILE1058.PDS, moved to PDS/IHEYGXV
2025-04-04 04:22:32.818922 - Found alias IHEYGZS to IHEYGZV in CBT.V508.FILE1058.PDS, moved to PDS/IHEYGZS
2025-04-04 04:22:32.819072 - Found IHEYGZV.bin (application/octet-stream) in CBT.V508.FILE1058.PDS, moved to PDS/IHEYGZV
2025-04-04 04:22:32.819219 - Found IHEZZAA.bin (application/octet-stream) in CBT.V508.FILE1058.PDS, moved to PDS/IHEZZAA
2025-04-04 04:22:32.819361 - Found IHEZZBA.bin (application/octet-stream) in CBT.V508.FILE1058.PDS, moved to PDS/IHEZZBA
2025-04-04 04:22:32.819511 - Found IHEZZCA.bin (application/octet-stream) in CBT.V508.FILE1058.PDS, moved to PDS/IHEZZCA
2025-04-04 04:22:32.819647 - Found IHEZZFA.bin (application/octet-stream) in CBT.V508.FILE1058.PDS, moved to PDS/IHEZZFA
2025-04-04 04:22:32.819811 - Found IHGUADEL.bin (application/octet-stream) in CBT.V508.FILE1058.PDS, moved to PDS/IHGUADEL
2025-04-04 04:22:32.819963 - Found IHGUAP.bin (application/octet-stream) in CBT.V508.FILE1058.PDS, moved to PDS/IHGUAP
2025-04-04 04:22:32.820111 - Found IHLGTF.bin (application/octet-stream) in CBT.V508.FILE1058.PDS, moved to PDS/IHLGTF
2025-04-04 04:22:32.820251 - Found IHLGTF1.bin (application/octet-stream) in CBT.V508.FILE1058.PDS, moved to PDS/IHLGTF1
2025-04-04 04:22:32.820382 - Found IHLINT2.bin (application/octet-stream) in CBT.V508.FILE1058.PDS, moved to PDS/IHLINT2
2025-04-04 04:22:32.820517 - Found IHLINT3.bin (application/octet-stream) in CBT.V508.FILE1058.PDS, moved to PDS/IHLINT3
2025-04-04 04:22:32.820625 - Found IHLINT4.bin (application/octet-stream) in CBT.V508.FILE1058.PDS, moved to PDS/IHLINT4
2025-04-04 04:22:32.820735 - Found IHLRMON.bin (application/octet-stream) in CBT.V508.FILE1058.PDS, moved to PDS/IHLRMON
2025-04-04 04:22:32.820866 - Found IHLROUT.bin (application/octet-stream) in CBT.V508.FILE1058.PDS, moved to PDS/IHLROUT
2025-04-04 04:22:32.820976 - Found IHLSCAN.bin (application/octet-stream) in CBT.V508.FILE1058.PDS, moved to PDS/IHLSCAN
2025-04-04 04:22:32.821098 - Found IHLTAIR.bin (application/octet-stream) in CBT.V508.FILE1058.PDS, moved to PDS/IHLTAIR
2025-04-04 04:22:32.821212 - Found IHLTAR2.bin (application/octet-stream) in CBT.V508.FILE1058.PDS, moved to PDS/IHLTAR2
2025-04-04 04:22:32.821322 - Found IHLTAR3.bin (application/octet-stream) in CBT.V508.FILE1058.PDS, moved to PDS/IHLTAR3
2025-04-04 04:22:32.821438 - Found IHLTAR4.bin (application/octet-stream) in CBT.V508.FILE1058.PDS, moved to PDS/IHLTAR4
2025-04-04 04:22:32.821550 - Found IHLTAR5.bin (application/octet-stream) in CBT.V508.FILE1058.PDS, moved to PDS/IHLTAR5
2025-04-04 04:22:32.821659 - Found IHLTAR6.bin (application/octet-stream) in CBT.V508.FILE1058.PDS, moved to PDS/IHLTAR6
2025-04-04 04:22:32.821768 - Found IHLTCTL.bin (application/octet-stream) in CBT.V508.FILE1058.PDS, moved to PDS/IHLTCTL
2025-04-04 04:22:32.821886 - Found IHLTDCB.bin (application/octet-stream) in CBT.V508.FILE1058.PDS, moved to PDS/IHLTDCB
2025-04-04 04:22:32.821992 - Found IHLTERM.bin (application/octet-stream) in CBT.V508.FILE1058.PDS, moved to PDS/IHLTERM
2025-04-04 04:22:32.822119 - Found IHLTFIL.bin (application/octet-stream) in CBT.V508.FILE1058.PDS, moved to PDS/IHLTFIL
2025-04-04 04:22:32.822230 - Found IHLTMG1.bin (application/octet-stream) in CBT.V508.FILE1058.PDS, moved to PDS/IHLTMG1
2025-04-04 04:22:32.822344 - Found IHLTPED.bin (application/octet-stream) in CBT.V508.FILE1058.PDS, moved to PDS/IHLTPED
2025-04-04 04:22:32.822451 - Found IHLTPMT.bin (application/octet-stream) in CBT.V508.FILE1058.PDS, moved to PDS/IHLTPMT
2025-04-04 04:22:32.822565 - Found IHLTSCN.bin (application/octet-stream) in CBT.V508.FILE1058.PDS, moved to PDS/IHLTSCN
2025-04-04 04:22:32.822673 - Found IHLTSIO.bin (application/octet-stream) in CBT.V508.FILE1058.PDS, moved to PDS/IHLTSIO
2025-04-04 04:22:32.822784 - Found IHLTSVC.bin (application/octet-stream) in CBT.V508.FILE1058.PDS, moved to PDS/IHLTSVC
2025-04-04 04:22:32.822894 - Found IHLTSYSV.bin (application/octet-stream) in CBT.V508.FILE1058.PDS, moved to PDS/IHLTSYSV
2025-04-04 04:22:32.823000 - Found IHLTTAB.bin (application/octet-stream) in CBT.V508.FILE1058.PDS, moved to PDS/IHLTTAB
2025-04-04 04:22:32.823114 - Found IHLTUSR.bin (application/octet-stream) in CBT.V508.FILE1058.PDS, moved to PDS/IHLTUSR
2025-04-04 04:22:32.823219 - Found IHLT103.bin (application/octet-stream) in CBT.V508.FILE1058.PDS, moved to PDS/IHLT103
2025-04-04 04:22:32.823335 - Found IHLWRAP.bin (application/octet-stream) in CBT.V508.FILE1058.PDS, moved to PDS/IHLWRAP
